// Jest Snapshot v1, https://goo.gl/fbAQLP

exports[`App Component 1 matches snapshot 1`] = `
<DocumentFragment>
  <div
    class="container"
  >
    <div
      class="filters"
    >
      <div
        class="filter-container"
      >
        <h2>
          Filters
        </h2>
        <a
          class="clear-all"
        >
          Clear All
        </a>
      </div>
      <div
        class="filter-group"
      >
        <label
          for="budget"
        >
          Budget
        </label>
        <div
          class="budget-container"
        >
          <input
            id="budget"
            min="0"
            placeholder="0"
            type="number"
            value=""
          />
          <span>
             - 
          </span>
          <input
            id="budget"
            min="1"
            placeholder="21"
            type="number"
            value=""
          />
        </div>
      </div>
      <div
        class="filter-group"
      >
        <h2>
          Fuel
        </h2>
        <div
          class="checkbox-container"
        >
          <input
            id="petrol"
            name="petrol"
            type="checkbox"
          />
          <label
            for="petrol"
          >
            Petrol
          </label>
        </div>
        <div
          class="checkbox-container"
        >
          <input
            id="diesel"
            name="diesel"
            type="checkbox"
          />
          <label
            for="diesel"
          >
            Diesel
          </label>
        </div>
        <div
          class="checkbox-container"
        >
          <input
            id="cng"
            name="cng"
            type="checkbox"
          />
          <label
            for="cng"
          >
            Cng
          </label>
        </div>
        <div
          class="checkbox-container"
        >
          <input
            id="lpg"
            name="lpg"
            type="checkbox"
          />
          <label
            for="lpg"
          >
            Lpg
          </label>
        </div>
        <div
          class="checkbox-container"
        >
          <input
            id="electric"
            name="electric"
            type="checkbox"
          />
          <label
            for="electric"
          >
            Electric
          </label>
        </div>
        <div
          class="checkbox-container"
        >
          <input
            id="hybrid"
            name="hybrid"
            type="checkbox"
          />
          <label
            for="hybrid"
          >
            Hybrid
          </label>
        </div>
      </div>
    </div>
    <div
      class="main-content"
    >
      <div
        class="sort"
      >
        <div
          class="label"
        >
          Sort By:
        </div>
        <select>
          <option
            value="default"
          >
            Default
          </option>
          <option
            value="asc"
          >
            Price - Low to High
          </option>
          <option
            value="desc"
          >
            Price - High to Low
          </option>
        </select>
      </div>
      <div
        class="products-grid"
      />
    </div>
  </div>
</DocumentFragment>
`;
